// Jest Snapshot v1, https://goo.gl/fbAQLP

exports[`renders correctly 1`] = `
<View
  pointerEvents="box-none"
  style={
    Object {
      "flex": 1,
    }
  }
>
  <View
    collapsable={true}
    pointerEvents="box-none"
    style={
      Object {
        "flex": 1,
      }
    }
  >
    <View
      style={
        Object {
          "flex": 1,
        }
      }
    >
      <SafeAreaView
        style={
          Array [
            Object {
              "flex": 0,
            },
          ]
        }
      />
      <SafeAreaView
        style={
          Array [
            Object {
              "flex": 1,
            },
          ]
        }
      >
        <Text
          style={
            Array [
              undefined,
              Object {
                "fontSize": 12,
              },
            ]
          }
        >
          Text
        </Text>
      </SafeAreaView>
    </View>
  </View>
</View>
`;
